// Jest Snapshot v1, https://goo.gl/fbAQLP

exports[`<Breadcrumb /> should render snapshot 1`] = `
<nav>
  <ol
    className="breadcrumb"
  >
    <li
      className="breadcrumb-item"
    >
      Electrónica, Audio y Video
    </li>
    <li
      className="breadcrumb-item"
    >
      Audio
    </li>
    <li
      className="breadcrumb-item"
    >
      Reproductores Portátiles
    </li>
    <li
      className="breadcrumb-item"
    >
      iPod
    </li>
    <li
      className="breadcrumb-item"
    >
      iPod touch
    </li>
    <li
      className="breadcrumb-item"
    >
      32 GB
    </li>
  </ol>
</nav>
`;
