// Jest Snapshot v1, https://goo.gl/fbAQLP

exports[`<Condition /> should render snapshot 1`] = `
<p
  className="condition"
>
  <span>
    Nuevo
     - 
  </span>
  <span>
    30
     vendidos
  </span>
</p>
`;
