// Jest Snapshot v1, https://goo.gl/fbAQLP

exports[`SearchboxContainer should render snapshot 1`] = `
<Route>
  <Component />
</Route>
`;
